../Core/Src/main.c:81:6:USBRxHandler	4
../Core/Src/main.c:132:6:Buffer_operation_strich	3
../Core/Src/main.c:144:9:Buffer_trim_size	4
../Core/Src/main.c:156:6:filter_bytestream	2
../Core/Src/main.c:172:6:byte_stream_operation	1
../Core/Src/main.c:186:5:main	1
../Core/Src/main.c:241:6:SystemClock_Config	3
../Core/Src/main.c:287:13:MX_TIM2_Init	5
../Core/Src/main.c:340:13:MX_TIM3_Init	4
../Core/Src/main.c:389:13:MX_TIM4_Init	4
../Core/Src/main.c:438:13:MX_GPIO_Init	1
../Core/Src/main.c:492:6:Error_Handler	1
